<html>
<body>
<pre>
<h1>µVision Build Log</h1>
<h2>Tool Versions:</h2>
IDE-Version: µVision V5.22.0.0
Copyright (C) 2016 ARM Ltd and ARM Germany GmbH. All rights reserved.
License Information: za a, -, LIC=----
 
Tool Versions:
Toolchain:       MDK-Lite  Version: 5.22
Toolchain Path:  C:\Keil_v5\ARM\ARMCC\Bin
C Compiler:      Armcc.exe V5.06 update 4 (build 422)
Assembler:       Armasm.exe V5.06 update 4 (build 422)
Linker/Locator:  ArmLink.exe V5.06 update 4 (build 422)
Library Manager: ArmAr.exe V5.06 update 4 (build 422)
Hex Converter:   FromElf.exe V5.06 update 4 (build 422)
CPU DLL:         SARMCM3.DLL V5.22
Dialog DLL:      DCM.DLL V1.13.9.0
Target DLL:      STLink\ST-LINKIII-KEIL_SWO.dll V2.0.18.0
Dialog DLL:      TCM.DLL V1.21.0.0
 
<h2>Project:</h2>
D:\Term6\micro\FP\final one\master\First test_RX\MDK-ARM\First test.uvprojx
Project File Date:  06/21/2019

<h2>Output:</h2>
*** Using Compiler 'V5.06 update 4 (build 422)', folder: 'C:\Keil_v5\ARM\ARMCC\Bin'
Build target 'First test'
compiling main.c...
../Src/main.c(70): warning:  #177-D: variable "pipe0_reading_address"  was declared but never referenced
  static uint64_t pipe0_reading_address;
../Src/main.c(72): warning:  #177-D: variable "ack_payload_length"  was declared but never referenced
  static uint8_t ack_payload_length; /**< Dynamic size of pending ack payload. */
../Src/main.c(74): warning:  #550-D: variable "dynamic_payloads_enabled"  was set but never used
  static int dynamic_payloads_enabled; /**< Whether dynamic payloads are enabled. */ 
../Src/main.c(75): warning:  #177-D: variable "p_variant"  was declared but never referenced
  static int p_variant; /* False for RF24L01 and true for RF24L01P */
../Src/main.c: 4 warnings, 0 errors
linking...
Program Size: Code=10080 RO-data=376 RW-data=48 ZI-data=1384  
FromELF: creating hex file...
"First test\First test.axf" - 0 Error(s), 4 Warning(s).

<h2>Software Packages used:</h2>

Package Vendor: ARM
                http://www.keil.com/pack/ARM.CMSIS.5.4.0.pack
                ARM::CMSIS:CORE:5.1.2
                CMSIS (Cortex Microcontroller Software Interface Standard)
   * Component: CORE Version: 5.1.2

<h2>Collection of Component include folders:</h2>
  D:\Term6\micro\FP\final one\master\First test_RX\MDK-ARM\RTE\_First_test
  C:\Keil_v5\ARM\PACK\ARM\CMSIS\5.4.0\CMSIS\Core\Include
  C:\Keil_v5\ARM\PACK\Keil\STM32F1xx_DFP\2.2.0\Device\Include

<h2>Collection of Component Files used:</h2>

   * Component: ARM::CMSIS:CORE:5.1.2
Build Time Elapsed:  00:00:02
</pre>
</body>
</html>
