<html>
<body>
<pre>
<h1>µVision Build Log</h1>
<h2>Tool Versions:</h2>
IDE-Version: µVision V5.25.2.0
Copyright (C) 2018 ARM Ltd and ARM Germany GmbH. All rights reserved.
License Information: sepideh zohdi, pars, LIC=6XJWF-67F15-BX8UY-IGLRK-Q46UL-QQSCL
 
Tool Versions:
Toolchain:       MDK-ARM Professional  Version: 5.25.2.0
Toolchain Path:  C:\Keil_v5\ARM\ARMCC\Bin
C Compiler:      Armcc.exe V5.06 update 6 (build 750)
Assembler:       Armasm.exe V5.06 update 6 (build 750)
Linker/Locator:  ArmLink.exe V5.06 update 6 (build 750)
Library Manager: ArmAr.exe V5.06 update 6 (build 750)
Hex Converter:   FromElf.exe V5.06 update 6 (build 750)
CPU DLL:         SARMCM3.DLL V5.25.2.0
Dialog DLL:      DCM.DLL V1.17.1.0
Target DLL:      STLink\ST-LINKIII-KEIL_SWO.dll V3.0.1.0
Dialog DLL:      TCM.DLL V1.35.1.0
 
<h2>Project:</h2>
E:\daneshgh\term6\Microprocessor\FP_1\master\first test_TX\MDK-ARM\first test.uvprojx
Project File Date:  06/22/2019

<h2>Output:</h2>
*** Using Compiler 'V5.06 update 6 (build 750)', folder: 'C:\Keil_v5\ARM\ARMCC\Bin'
Build target 'first test'
compiling main.c...
../Src/main.c(761): warning:  #177-D: variable "observe_tx"  was declared but never referenced
    uint8_t observe_tx;
../Src/main.c(70): warning:  #177-D: variable "pipe0_reading_address"  was declared but never referenced
  static uint64_t pipe0_reading_address;
../Src/main.c(71): warning:  #177-D: variable "ack_payload_available"  was declared but never referenced
  static int ack_payload_available; /**< Whether there is an ack payload waiting */
../Src/main.c(72): warning:  #177-D: variable "ack_payload_length"  was declared but never referenced
  static uint8_t ack_payload_length; /**< Dynamic size of pending ack payload. */
../Src/main.c(74): warning:  #550-D: variable "dynamic_payloads_enabled"  was set but never used
  static int dynamic_payloads_enabled; /**< Whether dynamic payloads are enabled. */ 
../Src/main.c(75): warning:  #177-D: variable "p_variant"  was declared but never referenced
  static int p_variant; /* False for RF24L01 and true for RF24L01P */
../Src/main.c(76): warning:  #177-D: variable "wide_band"  was declared but never referenced
  static int wide_band; /* 2Mbs data rate in use? */
../Src/main.c: 7 warnings, 0 errors
linking...
Program Size: Code=10112 RO-data=376 RW-data=72 ZI-data=1328  
FromELF: creating hex file...
"first test\first test.axf" - 0 Error(s), 7 Warning(s).

<h2>Software Packages used:</h2>

Package Vendor: ARM
                http://www.keil.com/pack/ARM.CMSIS.5.3.0.pack
                ARM.CMSIS.5.3.0
                CMSIS (Cortex Microcontroller Software Interface Standard)
   * Component: CORE Version: 5.1.1

Package Vendor: Keil
                http://www.keil.com/pack/Keil.STM32F1xx_DFP.2.3.0.pack
                Keil.STM32F1xx_DFP.2.3.0
                STMicroelectronics STM32F1 Series Device Support, Drivers and Examples

<h2>Collection of Component include folders:</h2>
  .\RTE\_first_test
  C:\Keil_v5\ARM\PACK\ARM\CMSIS\5.3.0\CMSIS\Include
  C:\Keil_v5\ARM\PACK\Keil\STM32F1xx_DFP\2.3.0\Device\Include

<h2>Collection of Component Files used:</h2>

   * Component: ARM::CMSIS:CORE:5.1.1
Build Time Elapsed:  00:00:02
</pre>
</body>
</html>
